Watching for file changes with StatReloader
[26/Aug/2026 21:21:52] "OPTIONS /api/login/ HTTP/1.1" 200 0
[26/Aug/2026 21:21:54] "POST /api/login/ HTTP/1.1" 200 137
[26/Aug/2026 21:21:54] "OPTIONS /api/reservations/ HTTP/1.1" 200 0
[26/Aug/2026 21:21:54] "OPTIONS /api/salles/ HTTP/1.1" 200 0
[26/Aug/2026 21:21:54] "OPTIONS /api/reservations/ HTTP/1.1" 200 0
[26/Aug/2026 21:21:54] "OPTIONS /api/salles/ HTTP/1.1" 200 0
[26/Aug/2026 21:21:54] "GET /api/salles/ HTTP/1.1" 200 767
[26/Aug/2026 21:21:55] "GET /api/salles/ HTTP/1.1" 200 767
[26/Aug/2026 21:21:55] "GET /api/reservations/ HTTP/1.1" 200 18609
[26/Aug/2026 21:21:55] "OPTIONS /api/dashboard/stats/ HTTP/1.1" 200 0
[26/Aug/2026 21:21:55] "OPTIONS /api/dashboard/stats/ HTTP/1.1" 200 0
[26/Aug/2026 21:21:55] "GET /api/dashboard/stats/ HTTP/1.1" 200 6117
[26/Aug/2026 21:21:55] "GET /api/reservations/ HTTP/1.1" 200 18609
[26/Aug/2026 21:21:55] "GET /api/dashboard/stats/ HTTP/1.1" 200 6117
[26/Aug/2026 21:22:04] "GET /api/salles/ HTTP/1.1" 200 767
[26/Aug/2026 21:22:04] "GET /api/salles/ HTTP/1.1" 200 767
[26/Aug/2026 21:22:04] "GET /api/reservations/ HTTP/1.1" 200 18609
[26/Aug/2026 21:22:05] "GET /api/dashboard/stats/ HTTP/1.1" 200 6117
[26/Aug/2026 21:22:05] "GET /api/reservations/ HTTP/1.1" 200 18609
[26/Aug/2026 21:22:05] "GET /api/dashboard/stats/ HTTP/1.1" 200 6117
[26/Aug/2026 21:22:08] "OPTIONS /api/me/ HTTP/1.1" 200 0
[26/Aug/2026 21:22:08] "GET /api/me/ HTTP/1.1" 200 143
[26/Aug/2026 21:22:11] "GET /api/me/ HTTP/1.1" 200 143
[26/Aug/2026 21:22:12] "GET /api/me/ HTTP/1.1" 200 143
[26/Aug/2026 21:22:14] "GET /api/me/ HTTP/1.1" 200 143
[26/Aug/2026 21:22:20] "GET /api/salles/ HTTP/1.1" 200 767
[26/Aug/2026 21:22:20] "GET /api/salles/ HTTP/1.1" 200 767
[26/Aug/2026 21:22:20] "GET /api/reservations/ HTTP/1.1" 200 18609
[26/Aug/2026 21:22:20] "GET /api/dashboard/stats/ HTTP/1.1" 200 6117
[26/Aug/2026 21:22:20] "GET /api/reservations/ HTTP/1.1" 200 18609
[26/Aug/2026 21:22:20] "GET /api/dashboard/stats/ HTTP/1.1" 200 6117
[26/Aug/2026 21:22:25] "OPTIONS /api/logout/ HTTP/1.1" 200 0
[26/Aug/2026 21:22:25] "POST /api/logout/ HTTP/1.1" 200 30
Unauthorized: /api/me/
[26/Aug/2026 21:26:40] "GET /api/me/ HTTP/1.1" 401 58
[26/Aug/2026 21:28:07] "POST /api/login/ HTTP/1.1" 200 134
[26/Aug/2026 21:28:07,155] - Broken pipe from ('127.0.0.1', 50998)
[26/Aug/2026 21:28:07,160] - Broken pipe from ('127.0.0.1', 50999)
[26/Aug/2026 21:28:07,233] - Broken pipe from ('127.0.0.1', 50729)
[26/Aug/2026 21:28:07] "GET /api/salles/ HTTP/1.1" 200 767
[26/Aug/2026 21:28:07] "GET /api/salles/ HTTP/1.1" 200 767
[26/Aug/2026 21:28:07] "GET /api/reservations/ HTTP/1.1" 200 18609
[26/Aug/2026 21:28:07] "GET /api/dashboard/stats/ HTTP/1.1" 200 6117
[26/Aug/2026 21:28:07] "GET /api/reservations/ HTTP/1.1" 200 18609
[26/Aug/2026 21:28:07] "GET /api/dashboard/stats/ HTTP/1.1" 200 6117
[26/Aug/2026 21:28:10] "GET /api/salles/ HTTP/1.1" 200 767
[26/Aug/2026 21:28:10] "GET /api/salles/ HTTP/1.1" 200 767
[26/Aug/2026 21:28:19] "GET /api/salles/ HTTP/1.1" 200 767
[26/Aug/2026 21:28:19] "GET /api/salles/ HTTP/1.1" 200 767
[26/Aug/2026 21:28:19] "GET /api/reservations/ HTTP/1.1" 200 18609
[26/Aug/2026 21:28:19] "GET /api/dashboard/stats/ HTTP/1.1" 200 6117
[26/Aug/2026 21:28:19] "GET /api/reservations/ HTTP/1.1" 200 18609
[26/Aug/2026 21:28:19] "GET /api/dashboard/stats/ HTTP/1.1" 200 6117
[26/Aug/2026 21:28:21] "GET /api/me/ HTTP/1.1" 200 144
[26/Aug/2026 21:28:23] "GET /api/me/ HTTP/1.1" 200 144
[26/Aug/2026 21:31:02] "GET /api/salles/ HTTP/1.1" 200 767
[26/Aug/2026 21:31:02] "GET /api/salles/ HTTP/1.1" 200 767
[26/Aug/2026 21:31:02] "GET /api/salles/ HTTP/1.1" 200 767
[26/Aug/2026 21:31:02] "GET /api/salles/ HTTP/1.1" 200 767
[26/Aug/2026 21:31:02] "GET /api/reservations/ HTTP/1.1" 200 18609
[26/Aug/2026 21:31:02] "GET /api/dashboard/stats/ HTTP/1.1" 200 6117
[26/Aug/2026 21:31:02] "GET /api/reservations/ HTTP/1.1" 200 18609
[26/Aug/2026 21:31:03] "GET /api/dashboard/stats/ HTTP/1.1" 200 6117
[26/Aug/2026 21:31:04] "GET /api/salles/ HTTP/1.1" 200 767
[26/Aug/2026 21:31:04] "GET /api/salles/ HTTP/1.1" 200 767
[26/Aug/2026 21:31:04] "GET /api/salles/ HTTP/1.1" 200 767
[26/Aug/2026 21:31:04] "GET /api/reservations/ HTTP/1.1" 200 18609
[26/Aug/2026 21:31:04] "GET /api/salles/ HTTP/1.1" 200 767
[26/Aug/2026 21:31:04] "GET /api/dashboard/stats/ HTTP/1.1" 200 6117
[26/Aug/2026 21:31:04] "GET /api/reservations/ HTTP/1.1" 200 18609
[26/Aug/2026 21:31:04] "GET /api/dashboard/stats/ HTTP/1.1" 200 6117
[26/Aug/2026 21:31:06] "GET /api/salles/ HTTP/1.1" 200 767
[26/Aug/2026 21:31:06] "GET /api/salles/ HTTP/1.1" 200 767
[26/Aug/2026 21:31:06] "GET /api/salles/ HTTP/1.1" 200 767
[26/Aug/2026 21:31:06] "GET /api/salles/ HTTP/1.1" 200 767
[26/Aug/2026 21:31:06] "GET /api/reservations/ HTTP/1.1" 200 18609
[26/Aug/2026 21:31:07] "GET /api/dashboard/stats/ HTTP/1.1" 200 6117
[26/Aug/2026 21:31:07] "GET /api/reservations/ HTTP/1.1" 200 18609
[26/Aug/2026 21:31:07] "GET /api/dashboard/stats/ HTTP/1.1" 200 6117
[26/Aug/2026 21:31:08] "GET /api/salles/ HTTP/1.1" 200 767
[26/Aug/2026 21:31:08] "GET /api/salles/ HTTP/1.1" 200 767
[26/Aug/2026 21:31:08] "GET /api/reservations/ HTTP/1.1" 200 18609
[26/Aug/2026 21:31:09] "GET /api/salles/ HTTP/1.1" 200 767
[26/Aug/2026 21:31:09] "GET /api/salles/ HTTP/1.1" 200 767
[26/Aug/2026 21:31:09] "GET /api/dashboard/stats/ HTTP/1.1" 200 6117
[26/Aug/2026 21:31:09] "GET /api/reservations/ HTTP/1.1" 200 18609
[26/Aug/2026 21:31:09] "GET /api/dashboard/stats/ HTTP/1.1" 200 6117
[26/Aug/2026 21:31:10] "GET /api/salles/ HTTP/1.1" 200 767
[26/Aug/2026 21:31:10] "GET /api/salles/ HTTP/1.1" 200 767
[26/Aug/2026 21:31:10] "GET /api/salles/ HTTP/1.1" 200 767
[26/Aug/2026 21:31:10] "GET /api/salles/ HTTP/1.1" 200 767
[26/Aug/2026 21:31:10] "GET /api/reservations/ HTTP/1.1" 200 18609
[26/Aug/2026 21:31:10] "GET /api/dashboard/stats/ HTTP/1.1" 200 6117
[26/Aug/2026 21:31:10] "GET /api/reservations/ HTTP/1.1" 200 18609
[26/Aug/2026 21:31:10] "GET /api/dashboard/stats/ HTTP/1.1" 200 6117
[26/Aug/2026 21:31:12] "GET /api/salles/ HTTP/1.1" 200 767
[26/Aug/2026 21:31:12] "GET /api/salles/ HTTP/1.1" 200 767
[26/Aug/2026 21:31:12] "GET /api/salles/ HTTP/1.1" 200 767
[26/Aug/2026 21:31:12] "GET /api/salles/ HTTP/1.1" 200 767
[26/Aug/2026 21:31:12] "GET /api/reservations/ HTTP/1.1" 200 18609
[26/Aug/2026 21:31:12] "GET /api/dashboard/stats/ HTTP/1.1" 200 6117
[26/Aug/2026 21:31:12] "GET /api/reservations/ HTTP/1.1" 200 18609
[26/Aug/2026 21:31:12] "GET /api/dashboard/stats/ HTTP/1.1" 200 6117
Unauthorized: /api/salles/
[26/Aug/2026 21:31:14] "GET /api/salles/ HTTP/1.1" 401 58
Unauthorized: /api/salles/
[26/Aug/2026 21:31:14] "GET /api/salles/ HTTP/1.1" 401 58
Unauthorized: /api/reservations/
Unauthorized: /api/salles/
[26/Aug/2026 21:31:14] "GET /api/reservations/ HTTP/1.1" 401 58
[26/Aug/2026 21:31:14] "GET /api/salles/ HTTP/1.1" 401 58
Unauthorized: /api/reservations/
Unauthorized: /api/salles/
[26/Aug/2026 21:31:14] "GET /api/reservations/ HTTP/1.1" 401 58
[26/Aug/2026 21:31:14] "GET /api/salles/ HTTP/1.1" 401 58
Unauthorized: /api/dashboard/stats/
[26/Aug/2026 21:31:14] "GET /api/dashboard/stats/ HTTP/1.1" 401 58
Unauthorized: /api/dashboard/stats/
[26/Aug/2026 21:31:14] "GET /api/dashboard/stats/ HTTP/1.1" 401 58
[26/Aug/2026 21:33:14] "POST /api/login/ HTTP/1.1" 200 137
[26/Aug/2026 21:33:14] "GET /api/salles/ HTTP/1.1" 200 767
[26/Aug/2026 21:33:14] "GET /api/salles/ HTTP/1.1" 200 767
[26/Aug/2026 21:33:14] "GET /api/reservations/ HTTP/1.1" 200 18609
[26/Aug/2026 21:33:14] "GET /api/dashboard/stats/ HTTP/1.1" 200 6117
[26/Aug/2026 21:33:14] "GET /api/reservations/ HTTP/1.1" 200 18609
[26/Aug/2026 21:33:14] "GET /api/dashboard/stats/ HTTP/1.1" 200 6117
Forbidden: /api/login/
[26/Aug/2026 21:33:40] "POST /api/login/ HTTP/1.1" 403 37
[26/Aug/2026 21:34:05] "POST /api/login/ HTTP/1.1" 200 134
[26/Aug/2026 21:34:05] "GET /api/salles/ HTTP/1.1" 200 767
[26/Aug/2026 21:34:05] "GET /api/salles/ HTTP/1.1" 200 767
[26/Aug/2026 21:34:05] "GET /api/reservations/ HTTP/1.1" 200 18609
[26/Aug/2026 21:34:05] "GET /api/dashboard/stats/ HTTP/1.1" 200 6117
[26/Aug/2026 21:34:05] "GET /api/reservations/ HTTP/1.1" 200 18609
[26/Aug/2026 21:34:05] "GET /api/dashboard/stats/ HTTP/1.1" 200 6117
[26/Aug/2026 21:34:33] "GET /api/me/ HTTP/1.1" 200 143
[26/Aug/2026 21:34:35] "GET /api/me/ HTTP/1.1" 200 144
[26/Aug/2026 21:34:53] "GET /api/me/ HTTP/1.1" 200 143
[26/Aug/2026 21:34:59] "OPTIONS /api/administration/utilisateurs-rh/ HTTP/1.1" 200 0
[26/Aug/2026 21:34:59] "OPTIONS /api/administration/utilisateurs-rh/ HTTP/1.1" 200 0
[26/Aug/2026 21:34:59] "GET /api/salles/ HTTP/1.1" 200 767
[26/Aug/2026 21:34:59] "GET /api/administration/utilisateurs-rh/ HTTP/1.1" 200 161
[26/Aug/2026 21:34:59] "GET /api/salles/ HTTP/1.1" 200 767
[26/Aug/2026 21:34:59] "GET /api/administration/utilisateurs-rh/ HTTP/1.1" 200 161
[26/Aug/2026 21:35:13] "OPTIONS /api/affichage/?date=2026-08-26 HTTP/1.1" 200 0
[26/Aug/2026 21:35:13] "GET /api/affichage/?date=2026-08-26 HTTP/1.1" 200 206
[26/Aug/2026 21:35:24] "GET /api/me/ HTTP/1.1" 200 143
[26/Aug/2026 21:35:24] "GET /api/me/ HTTP/1.1" 200 143
[26/Aug/2026 21:35:37] "GET /api/salles/ HTTP/1.1" 200 767
[26/Aug/2026 21:35:37] "GET /api/salles/ HTTP/1.1" 200 767
[26/Aug/2026 21:35:37] "GET /api/reservations/ HTTP/1.1" 200 18609
[26/Aug/2026 21:35:37] "GET /api/dashboard/stats/ HTTP/1.1" 200 6117
[26/Aug/2026 21:35:37] "GET /api/reservations/ HTTP/1.1" 200 18609
[26/Aug/2026 21:35:37] "GET /api/dashboard/stats/ HTTP/1.1" 200 6117
[26/Aug/2026 21:35:38] "GET /api/salles/ HTTP/1.1" 200 767
[26/Aug/2026 21:35:38] "GET /api/salles/ HTTP/1.1" 200 767
[26/Aug/2026 21:35:44] "GET /api/affichage/?date=2026-08-26 HTTP/1.1" 200 206
[26/Aug/2026 21:35:48] "GET /api/salles/ HTTP/1.1" 200 767
[26/Aug/2026 21:35:48] "GET /api/salles/ HTTP/1.1" 200 767
[26/Aug/2026 21:35:49] "GET /api/salles/ HTTP/1.1" 200 767
[26/Aug/2026 21:35:49] "GET /api/salles/ HTTP/1.1" 200 767
[26/Aug/2026 21:35:49] "GET /api/reservations/ HTTP/1.1" 200 18609
[26/Aug/2026 21:35:49] "GET /api/reservations/ HTTP/1.1" 200 18609
[26/Aug/2026 21:38:14] "GET /api/me/ HTTP/1.1" 200 143
[26/Aug/2026 21:41:23] "GET /api/affichage/?date=2026-08-26 HTTP/1.1" 200 206
[26/Aug/2026 21:42:24] "GET /api/affichage/?date=2026-08-26 HTTP/1.1" 200 206
[26/Aug/2026 21:43:24] "GET /api/affichage/?date=2026-08-26 HTTP/1.1" 200 206
[26/Aug/2026 21:44:24] "GET /api/affichage/?date=2026-08-26 HTTP/1.1" 200 206
[26/Aug/2026 21:45:24] "GET /api/affichage/?date=2026-08-26 HTTP/1.1" 200 206
[26/Aug/2026 21:46:24] "GET /api/affichage/?date=2026-08-26 HTTP/1.1" 200 206
[26/Aug/2026 21:47:24] "GET /api/affichage/?date=2026-08-26 HTTP/1.1" 200 206
[26/Aug/2026 21:49:06] "GET /api/affichage/?date=2026-08-26 HTTP/1.1" 200 206
[26/Aug/2026 21:50:06] "GET /api/affichage/?date=2026-08-26 HTTP/1.1" 200 206
[26/Aug/2026 21:51:06] "GET /api/affichage/?date=2026-08-26 HTTP/1.1" 200 206
[27/Aug/2026 02:33:39] "OPTIONS /api/affichage/?date=2026-08-26 HTTP/1.1" 200 0
[27/Aug/2026 02:33:39] "OPTIONS /api/affichage/?date=2026-08-27 HTTP/1.1" 200 0
[27/Aug/2026 02:33:39] "GET /api/affichage/?date=2026-08-26 HTTP/1.1" 200 206
[27/Aug/2026 02:33:39] "GET /api/affichage/?date=2026-08-27 HTTP/1.1" 200 206
[27/Aug/2026 02:33:46] "OPTIONS /api/me/ HTTP/1.1" 200 0
[27/Aug/2026 02:33:46] "GET /api/me/ HTTP/1.1" 200 143
[27/Aug/2026 02:33:47] "GET /api/affichage/?date=2026-08-27 HTTP/1.1" 200 206
[27/Aug/2026 02:34:48] "GET /api/affichage/?date=2026-08-27 HTTP/1.1" 200 206
[27/Aug/2026 02:35:48] "GET /api/affichage/?date=2026-08-27 HTTP/1.1" 200 206
[27/Aug/2026 02:36:48] "GET /api/affichage/?date=2026-08-27 HTTP/1.1" 200 206
[27/Aug/2026 02:37:48] "GET /api/affichage/?date=2026-08-27 HTTP/1.1" 200 206
[27/Aug/2026 02:38:48] "GET /api/affichage/?date=2026-08-27 HTTP/1.1" 200 206
[27/Aug/2026 02:39:48] "GET /api/affichage/?date=2026-08-27 HTTP/1.1" 200 206
[27/Aug/2026 02:41:06] "GET /api/affichage/?date=2026-08-27 HTTP/1.1" 200 206
[27/Aug/2026 02:42:06] "GET /api/affichage/?date=2026-08-27 HTTP/1.1" 200 206
[27/Aug/2026 02:43:06] "GET /api/affichage/?date=2026-08-27 HTTP/1.1" 200 206
[27/Aug/2026 02:44:06] "GET /api/affichage/?date=2026-08-27 HTTP/1.1" 200 206
[27/Aug/2026 02:45:06] "GET /api/affichage/?date=2026-08-27 HTTP/1.1" 200 206
[27/Aug/2026 02:46:06] "GET /api/affichage/?date=2026-08-27 HTTP/1.1" 200 206
[27/Aug/2026 02:47:06] "GET /api/affichage/?date=2026-08-27 HTTP/1.1" 200 206
[27/Aug/2026 02:47:15] "GET /api/me/ HTTP/1.1" 200 144
[27/Aug/2026 02:47:15] "OPTIONS /api/reservations/ HTTP/1.1" 200 0
[27/Aug/2026 02:47:15] "OPTIONS /api/salles/ HTTP/1.1" 200 0
[27/Aug/2026 02:47:15] "OPTIONS /api/salles/ HTTP/1.1" 200 0
[27/Aug/2026 02:47:16] "GET /api/salles/ HTTP/1.1" 200 767
[27/Aug/2026 02:47:16] "GET /api/salles/ HTTP/1.1" 200 767
[27/Aug/2026 02:47:16] "GET /api/reservations/ HTTP/1.1" 200 18609
[27/Aug/2026 02:47:16] "OPTIONS /api/dashboard/stats/ HTTP/1.1" 200 0
[27/Aug/2026 02:47:16] "OPTIONS /api/dashboard/stats/ HTTP/1.1" 200 0
[27/Aug/2026 02:47:16] "GET /api/dashboard/stats/ HTTP/1.1" 200 6117
[27/Aug/2026 02:47:16] "GET /api/reservations/ HTTP/1.1" 200 18609
[27/Aug/2026 02:47:16] "GET /api/dashboard/stats/ HTTP/1.1" 200 6117
[27/Aug/2026 02:47:18] "OPTIONS /api/logout/ HTTP/1.1" 200 0
[27/Aug/2026 02:47:18] "POST /api/logout/ HTTP/1.1" 200 30
[27/Aug/2026 02:48:06] "GET /api/affichage/?date=2026-08-27 HTTP/1.1" 200 206
[27/Aug/2026 02:49:06] "GET /api/affichage/?date=2026-08-27 HTTP/1.1" 200 206
[27/Aug/2026 02:50:06] "GET /api/affichage/?date=2026-08-27 HTTP/1.1" 200 206
[27/Aug/2026 02:50:14] "GET /api/affichage/?date=2026-08-27 HTTP/1.1" 200 206
[27/Aug/2026 02:50:16] "GET /api/affichage/?date=2026-08-27 HTTP/1.1" 200 206
[27/Aug/2026 02:50:18] "GET /api/affichage/?date=2026-08-27 HTTP/1.1" 200 206
[27/Aug/2026 02:50:37] "GET /api/affichage/?date=2026-08-27 HTTP/1.1" 200 206
[27/Aug/2026 02:51:12] "GET /api/affichage/?date=2026-08-27 HTTP/1.1" 200 206
[27/Aug/2026 02:52:13] "GET /api/affichage/?date=2026-08-27 HTTP/1.1" 200 206
[27/Aug/2026 02:53:13] "GET /api/affichage/?date=2026-08-27 HTTP/1.1" 200 206
[27/Aug/2026 02:53:47] "OPTIONS /api/login/ HTTP/1.1" 200 0
[27/Aug/2026 02:53:49] "POST /api/login/ HTTP/1.1" 200 137
[27/Aug/2026 02:53:49] "GET /api/salles/ HTTP/1.1" 200 767
[27/Aug/2026 02:53:49] "GET /api/salles/ HTTP/1.1" 200 767
[27/Aug/2026 02:53:49] "GET /api/reservations/ HTTP/1.1" 200 18609
[27/Aug/2026 02:53:49] "GET /api/dashboard/stats/ HTTP/1.1" 200 6117
[27/Aug/2026 02:53:49] "GET /api/reservations/ HTTP/1.1" 200 18609
[27/Aug/2026 02:53:49] "GET /api/dashboard/stats/ HTTP/1.1" 200 6117
[27/Aug/2026 02:54:06] "GET /api/salles/ HTTP/1.1" 200 767
[27/Aug/2026 02:54:06] "GET /api/salles/ HTTP/1.1" 200 767
[27/Aug/2026 02:54:09] "GET /api/salles/ HTTP/1.1" 200 767
[27/Aug/2026 02:54:09] "GET /api/salles/ HTTP/1.1" 200 767
[27/Aug/2026 02:54:09] "GET /api/reservations/ HTTP/1.1" 200 18609
[27/Aug/2026 02:54:09] "GET /api/reservations/ HTTP/1.1" 200 18609
[27/Aug/2026 02:54:13] "GET /api/affichage/?date=2026-08-27 HTTP/1.1" 200 206
[27/Aug/2026 02:54:16] "GET /api/affichage/?date=2026-08-27 HTTP/1.1" 200 206
[27/Aug/2026 02:54:50] "POST /api/logout/ HTTP/1.1" 200 30
Unauthorized: /api/affichage/
[27/Aug/2026 02:55:13] "GET /api/affichage/?date=2026-08-27 HTTP/1.1" 401 30
[27/Aug/2026 02:56:57] "POST /api/login/ HTTP/1.1" 200 122
[27/Aug/2026 02:56:58,042] - Broken pipe from ('127.0.0.1', 57715)
[27/Aug/2026 02:56:58] "GET /api/affichage/?date=2026-08-27 HTTP/1.1" 200 206
[27/Aug/2026 02:57:59] "GET /api/affichage/?date=2026-08-27 HTTP/1.1" 200 206
[27/Aug/2026 02:58:32] "GET /api/affichage/?date=2026-08-27 HTTP/1.1" 200 206
[27/Aug/2026 02:58:34] "GET /api/affichage/?date=2026-08-27 HTTP/1.1" 200 206
[27/Aug/2026 02:58:36] "GET /api/affichage/?date=2026-08-27 HTTP/1.1" 200 206
[27/Aug/2026 02:58:38] "GET /api/affichage/?date=2026-08-27 HTTP/1.1" 200 206
[27/Aug/2026 02:59:39] "GET /api/affichage/?date=2026-08-27 HTTP/1.1" 200 206
[27/Aug/2026 03:00:38] "GET /api/affichage/?date=2026-08-27 HTTP/1.1" 200 206
[27/Aug/2026 03:01:38] "GET /api/affichage/?date=2026-08-27 HTTP/1.1" 200 206
[27/Aug/2026 03:02:38] "GET /api/affichage/?date=2026-08-27 HTTP/1.1" 200 206
[27/Aug/2026 03:03:38] "GET /api/affichage/?date=2026-08-27 HTTP/1.1" 200 206
[27/Aug/2026 03:04:38] "GET /api/affichage/?date=2026-08-27 HTTP/1.1" 200 206
[27/Aug/2026 03:05:38] "GET /api/affichage/?date=2026-08-27 HTTP/1.1" 200 206
[27/Aug/2026 03:06:38] "GET /api/affichage/?date=2026-08-27 HTTP/1.1" 200 206
[27/Aug/2026 03:07:38] "GET /api/affichage/?date=2026-08-27 HTTP/1.1" 200 206
[27/Aug/2026 03:08:38] "GET /api/affichage/?date=2026-08-27 HTTP/1.1" 200 206
[27/Aug/2026 03:09:38] "GET /api/affichage/?date=2026-08-27 HTTP/1.1" 200 206
[27/Aug/2026 11:28:52] "OPTIONS /api/login/ HTTP/1.1" 200 0
[27/Aug/2026 11:28:54] "POST /api/login/ HTTP/1.1" 200 137
[27/Aug/2026 11:28:55] "OPTIONS /api/reservations/ HTTP/1.1" 200 0
[27/Aug/2026 11:28:55] "OPTIONS /api/salles/ HTTP/1.1" 200 0
[27/Aug/2026 11:28:55] "OPTIONS /api/salles/ HTTP/1.1" 200 0
[27/Aug/2026 11:28:55] "OPTIONS /api/reservations/ HTTP/1.1" 200 0
[27/Aug/2026 11:28:55] "GET /api/salles/ HTTP/1.1" 200 767
[27/Aug/2026 11:28:55] "GET /api/salles/ HTTP/1.1" 200 767
[27/Aug/2026 11:28:55] "GET /api/reservations/ HTTP/1.1" 200 18609
[27/Aug/2026 11:28:55] "OPTIONS /api/dashboard/stats/ HTTP/1.1" 200 0
[27/Aug/2026 11:28:55] "OPTIONS /api/dashboard/stats/ HTTP/1.1" 200 0
[27/Aug/2026 11:28:55] "GET /api/dashboard/stats/ HTTP/1.1" 200 6117
[27/Aug/2026 11:28:55] "GET /api/reservations/ HTTP/1.1" 200 18609
[27/Aug/2026 11:28:55] "GET /api/dashboard/stats/ HTTP/1.1" 200 6117
